Archive member included to satisfy reference by file (symbol)

C:/Program Files/Rowley Associates Limited/CrossWorks for ARM 4.10/lib/libc_v7em_t_le_eabi.a(libc_asm.o)
                              aes_ctr_756 THUMB Debug/stm32f7xx_hal_rcc.o (__aeabi_uldivmod)
C:/Program Files/Rowley Associates Limited/CrossWorks for ARM 4.10/lib/libc_v7em_t_le_eabi.a(libc2.o)
                              aes_ctr_756 THUMB Debug/syscalls.o (__aeabi_errno_addr)
C:/Program Files/Rowley Associates Limited/CrossWorks for ARM 4.10/lib/libc_v7em_t_le_eabi.a(libc2_asm.o)
                              aes_ctr_756 THUMB Debug/main.o (memcpy)
C:/Program Files/Rowley Associates Limited/CrossWorks for ARM 4.10/lib/libc_v7em_t_le_eabi.a(libvfprintf.o)
                              (__vfprintf_float_long_long)
C:/Program Files/Rowley Associates Limited/CrossWorks for ARM 4.10/lib/libc_v7em_t_le_eabi.a(libvfscanf.o)
                              (__vfscanf_float_long_long_cc)
C:/Program Files/Rowley Associates Limited/CrossWorks for ARM 4.10/lib/libc_v7em_t_le_eabi.a(libc.o)
                              C:/Program Files/Rowley Associates Limited/CrossWorks for ARM 4.10/lib/libc_v7em_t_le_eabi.a(libc2.o) (__heap_lock)
C:/Program Files/Rowley Associates Limited/CrossWorks for ARM 4.10/lib/libdebugio_v7em_t_le_eabi.a(libdebugio.o)
                              C:/Program Files/Rowley Associates Limited/CrossWorks for ARM 4.10/lib/libc_v7em_t_le_eabi.a(libc_asm.o) (debug_fopen)
C:/Program Files/Rowley Associates Limited/CrossWorks for ARM 4.10/lib/libdebugio_v7em_t_le_eabi.a(libdebugio_asm.o)
                              aes_ctr_756 THUMB Debug/crypto.o (debug_printf)
C:/Program Files/Rowley Associates Limited/CrossWorks for ARM 4.10/lib/libdebugio_v7em_t_le_eabi.a(do_nv_debug_operation.o)
                              C:/Program Files/Rowley Associates Limited/CrossWorks for ARM 4.10/lib/libdebugio_v7em_t_le_eabi.a(libdebugio.o) (__do_nvdebug_operation)
C:/Program Files/Rowley Associates Limited/CrossWorks for ARM 4.10/lib/libdebugio_v7em_t_le_eabi.a(mempoll_debug_operations.o)
                              (__do_debug_operation_mempoll)
C:/Program Files/Rowley Associates Limited/CrossWorks for ARM 4.10/lib/libm_v7em_t_le_eabi.a(libm_asm.o)
                              C:/Program Files/Rowley Associates Limited/CrossWorks for ARM 4.10/lib/libc_v7em_t_le_eabi.a(libc2.o) (__aeabi_i2f)
C:/Program Files/Rowley Associates Limited/CrossWorks for ARM 4.10/lib/libm_v7em_t_le_eabi.a(libm2.o)
                              C:/Program Files/Rowley Associates Limited/CrossWorks for ARM 4.10/lib/libc_v7em_t_le_eabi.a(libvfprintf.o) (frexp)
C:/Program Files/Rowley Associates Limited/CrossWorks for ARM 4.10/lib/libm_v7em_t_le_eabi.a(libm2_asm.o)
                              C:/Program Files/Rowley Associates Limited/CrossWorks for ARM 4.10/lib/libm_v7em_t_le_eabi.a(libm2.o) (fabs)

Discarded input sections

 .group         0x0000000000000000        0xc aes_ctr_756 THUMB Debug/crypto.o
 .group         0x0000000000000000        0xc aes_ctr_756 THUMB Debug/crypto.o
 .group         0x0000000000000000        0xc aes_ctr_756 THUMB Debug/crypto.o
 .group         0x0000000000000000        0xc aes_ctr_756 THUMB Debug/crypto.o
 .group         0x0000000000000000        0xc aes_ctr_756 THUMB Debug/crypto.o
 .group         0x0000000000000000        0xc aes_ctr_756 THUMB Debug/crypto.o
 .group         0x0000000000000000        0xc aes_ctr_756 THUMB Debug/crypto.o
 .group         0x0000000000000000        0xc aes_ctr_756 THUMB Debug/crypto.o
 .group         0x0000000000000000        0xc aes_ctr_756 THUMB Debug/crypto.o
 .group         0x0000000000000000        0xc aes_ctr_756 THUMB Debug/crypto.o
 .group         0x0000000000000000        0xc aes_ctr_756 THUMB Debug/crypto.o
 .group         0x0000000000000000        0xc aes_ctr_756 THUMB Debug/crypto.o
 .group         0x0000000000000000        0xc aes_ctr_756 THUMB Debug/crypto.o
 .group         0x0000000000000000        0xc aes_ctr_756 THUMB Debug/crypto.o
 .group         0x0000000000000000        0xc aes_ctr_756 THUMB Debug/crypto.o
 .group         0x0000000000000000        0xc aes_ctr_756 THUMB Debug/crypto.o
 .group         0x0000000000000000        0xc aes_ctr_756 THUMB Debug/crypto.o
 .group         0x0000000000000000        0xc aes_ctr_756 THUMB Debug/crypto.o
 .group         0x0000000000000000        0xc aes_ctr_756 THUMB Debug/crypto.o
 .group         0x0000000000000000        0xc aes_ctr_756 THUMB Debug/crypto.o
 .group         0x0000000000000000        0xc aes_ctr_756 THUMB Debug/crypto.o
 .group         0x0000000000000000        0xc aes_ctr_756 THUMB Debug/crypto.o
 .group         0x0000000000000000        0xc aes_ctr_756 THUMB Debug/crypto.o
 .group         0x0000000000000000        0xc aes_ctr_756 THUMB Debug/crypto.o
 .group         0x0000000000000000        0xc aes_ctr_756 THUMB Debug/crypto.o
 .group         0x0000000000000000        0xc aes_ctr_756 THUMB Debug/crypto.o
[...]
Memory Configuration

Name             Origin             Length             Attributes
UNPLACED_SECTIONS 0x0000000100000000 0x0000000000000000 xw
ITCM             0x0000000000000000 0x0000000000004000 xw
ITCM_FLASH       0x0000000000200000 0x0000000000100000 xr
FLASH            0x0000000008000000 0x0000000000100000 xr
SYSTEM           0x000000001ff00000 0x000000000000edc0 xw
OTP              0x000000001ff0f000 0x0000000000000420 xw
OPTION           0x000000001fff0000 0x0000000000000020 xw
RAM              0x0000000020000000 0x0000000000050000 xw
DTCM             0x0000000020000000 0x0000000000010000 xw
SRAM1            0x0000000020010000 0x000000000003c000 xw
SRAM2            0x000000002004c000 0x0000000000004000 xw
APB1             0x0000000040000000 0x0000000000008000 xw
APB2             0x0000000040010000 0x0000000000006c00 xw
AHB1             0x0000000040020000 0x0000000000060000 xw
AHB2             0x0000000050000000 0x0000000000060c00 xw
NOR_PSRAM1       0x0000000060000000 0x0000000000000000 xw
NOR_PSRAM2       0x0000000064000000 0x0000000000000000 xw
NOR_PSRAM3       0x0000000068000000 0x0000000000000000 xw
NOR_PSRAM4       0x000000006c000000 0x0000000000000000 xw
NAND             0x0000000080000000 0x0000000000000000 xr
QUADSPI_FLASH    0x0000000090000000 0x0000000000000000 xr
FMC              0x00000000a0000000 0x0000000000001000 xw
QUADSPI          0x00000000a0001000 0x0000000000000400 xw
SDRAM1           0x00000000c0000000 0x0000000000000000 xw
SDRAM2           0x00000000d0000000 0x0000000000000000 xw
PPB              0x00000000e0000000 0x0000000000100000 xw
DBG              0x00000000e0042000 0x0000000000000010 xw
*default*        0x0000000000000000 0xffffffffffffffff

Linker script and memory map

                0x0000000000000000                __ITCM_segment_start__ = 0x0
                0x0000000000004000                __ITCM_segment_end__ = 0x4000
                0x0000000000004000                __ITCM_segment_size__ = 0x4000
                0x0000000000200000                __ITCM_FLASH_segment_start__ = 0x200000
                0x0000000000300000                __ITCM_FLASH_segment_end__ = 0x300000
                0x0000000000100000                __ITCM_FLASH_segment_size__ = 0x100000
                0x0000000008000000                __FLASH_segment_start__ = 0x8000000
                0x0000000008100000                __FLASH_segment_end__ = 0x8100000
                0x0000000000100000                __FLASH_segment_size__ = 0x100000
                0x000000001ff00000                __SYSTEM_segment_start__ = 0x1ff00000
                0x000000001ff0edc0                __SYSTEM_segment_end__ = 0x1ff0edc0
                0x000000000000edc0                __SYSTEM_segment_size__ = 0xedc0
                0x000000001ff0f000                __OTP_segment_start__ = 0x1ff0f000
                0x000000001ff0f420                __OTP_segment_end__ = 0x1ff0f420
                0x0000000000000420                __OTP_segment_size__ = 0x420
                0x000000001fff0000                __OPTION_segment_start__ = 0x1fff0000
                0x000000001fff0020                __OPTION_segment_end__ = 0x1fff0020
                0x0000000000000020                __OPTION_segment_size__ = 0x20
                0x0000000020000000                __RAM_segment_start__ = 0x20000000
                0x0000000020050000                __RAM_segment_end__ = 0x20050000
                0x0000000000050000                __RAM_segment_size__ = 0x50000
                0x0000000020000000                __DTCM_segment_start__ = 0x20000000
                0x0000000020010000                __DTCM_segment_end__ = 0x20010000
                0x0000000000010000                __DTCM_segment_size__ = 0x10000
                0x0000000020010000                __SRAM1_segment_start__ = 0x20010000
                0x000000002004c000                __SRAM1_segment_end__ = 0x2004c000
                0x000000000003c000                __SRAM1_segment_size__ = 0x3c000
                0x000000002004c000                __SRAM2_segment_start__ = 0x2004c000
                0x0000000020050000                __SRAM2_segment_end__ = 0x20050000
                0x0000000000004000                __SRAM2_segment_size__ = 0x4000
                0x0000000040000000                __APB1_segment_start__ = 0x40000000
                0x0000000040008000                __APB1_segment_end__ = 0x40008000
                0x0000000000008000                __APB1_segment_size__ = 0x8000
                0x0000000040010000                __APB2_segment_start__ = 0x40010000
                0x0000000040016c00                __APB2_segment_end__ = 0x40016c00
                0x0000000000006c00                __APB2_segment_size__ = 0x6c00
                0x0000000040020000                __AHB1_segment_start__ = 0x40020000
                0x0000000040080000                __AHB1_segment_end__ = 0x40080000
                0x0000000000060000                __AHB1_segment_size__ = 0x60000
                0x0000000050000000                __AHB2_segment_start__ = 0x50000000
                0x0000000050060c00                __AHB2_segment_end__ = 0x50060c00
                0x0000000000060c00                __AHB2_segment_size__ = 0x60c00
                0x0000000060000000                __NOR_PSRAM1_segment_start__ = 0x60000000
                0x0000000060000000                __NOR_PSRAM1_segment_end__ = 0x60000000
                0x0000000000000000                __NOR_PSRAM1_segment_size__ = 0x0
                0x0000000064000000                __NOR_PSRAM2_segment_start__ = 0x64000000
                0x0000000064000000                __NOR_PSRAM2_segment_end__ = 0x64000000
                0x0000000000000000                __NOR_PSRAM2_segment_size__ = 0x0
                0x0000000068000000                __NOR_PSRAM3_segment_start__ = 0x68000000
                0x0000000068000000                __NOR_PSRAM3_segment_end__ = 0x68000000
                0x0000000000000000                __NOR_PSRAM3_segment_size__ = 0x0
                0x000000006c000000                __NOR_PSRAM4_segment_start__ = 0x6c000000
                0x000000006c000000                __NOR_PSRAM4_segment_end__ = 0x6c000000
                0x0000000000000000                __NOR_PSRAM4_segment_size__ = 0x0
                0x0000000080000000                __NAND_segment_start__ = 0x80000000
                0x0000000080000000                __NAND_segment_end__ = 0x80000000
                0x0000000000000000                __NAND_segment_size__ = 0x0
                0x0000000090000000                __QUADSPI_FLASH_segment_start__ = 0x90000000
                0x0000000090000000                __QUADSPI_FLASH_segment_end__ = 0x90000000
                0x0000000000000000                __QUADSPI_FLASH_segment_size__ = 0x0
                0x00000000a0000000                __FMC_segment_start__ = 0xa0000000
                0x00000000a0001000                __FMC_segment_end__ = 0xa0001000
                0x0000000000001000                __FMC_segment_size__ = 0x1000
                0x00000000a0001000                __QUADSPI_segment_start__ = 0xa0001000
                0x00000000a0001400                __QUADSPI_segment_end__ = 0xa0001400
                0x0000000000000400                __QUADSPI_segment_size__ = 0x400
                0x00000000c0000000                __SDRAM1_segment_start__ = 0xc0000000
                0x00000000c0000000                __SDRAM1_segment_end__ = 0xc0000000
                0x0000000000000000                __SDRAM1_segment_size__ = 0x0
                0x00000000d0000000                __SDRAM2_segment_start__ = 0xd0000000
                0x00000000d0000000                __SDRAM2_segment_end__ = 0xd0000000
                0x0000000000000000                __SDRAM2_segment_size__ = 0x0
                0x00000000e0000000                __PPB_segment_start__ = 0xe0000000
                0x00000000e0100000                __PPB_segment_end__ = 0xe0100000
                0x0000000000100000                __PPB_segment_size__ = 0x100000
                0x00000000e0042000                __DBG_segment_start__ = 0xe0042000
                0x00000000e0042010                __DBG_segment_end__ = 0xe0042010
                0x0000000000000010                __DBG_segment_size__ = 0x10
                0x0000000000000080                __HEAPSIZE__ = 0x80
                0x0000000000000000                __STACKSIZE_ABT__ = 0x0
                0x0000000000000000                __STACKSIZE_FIQ__ = 0x0
                0x0000000000000000                __STACKSIZE_IRQ__ = 0x0
                0x0000000000000000                __STACKSIZE_PROCESS__ = 0x0
                0x0000000000000000                __STACKSIZE_SVC__ = 0x0
                0x0000000000000000                __STACKSIZE_UND__ = 0x0
                0x0000000000000100                __STACKSIZE__ = 0x100
                0x00000000080033a4                __do_debug_operation = __do_debug_operation_mempoll
                0x0000000000000000                __vfprintf = __vfprintf_float_long_long
                0x0000000000000000                __vfscanf = __vfscanf_float_long_long_cc
                0x0000000090000000                __qspi_load_start__ = ALIGN (__QUADSPI_FLASH_segment_start__, 0x4)

.qspi           0x0000000090000000        0x0
                0x0000000090000000                __qspi_start__ = .
 *(.qspi .qspi.*)
                0x0000000090000000                __qspi_end__ = (__qspi_start__ + SIZEOF (.qspi))
                0x0000000000000000                __qspi_size__ = SIZEOF (.qspi)
                0x0000000090000000                __qspi_load_end__ = __qspi_end__
                0x0000000090000000                __QUADSPI_FLASH_segment_used_end__ = (ALIGN (__QUADSPI_FLASH_segment_start__, 0x4) + SIZEOF (.qspi))
                0x0000000000000000                __QUADSPI_FLASH_segment_used_size__ = (__QUADSPI_FLASH_segment_used_end__ - __QUADSPI_FLASH_segment_start__)
                0x0000000000000001                . = ASSERT (((__qspi_start__ == __qspi_end__) || ((__qspi_end__ - __QUADSPI_FLASH_segment_start__) <= __QUADSPI_FLASH_segment_size__)), error: .qspi is too large to fit in QUADSPI_FLASH memory segment)
                0x0000000020000000                __vectors_ram_load_start__ = ALIGN (__RAM_segment_start__, 0x100)

.vectors_ram    0x0000000020000000        0x0
                0x0000000020000000                __vectors_ram_start__ = .
 *(.vectors_ram .vectors_ram.*)
                0x0000000020000000                __vectors_ram_end__ = (__vectors_ram_start__ + SIZEOF (.vectors_ram))
                0x0000000000000000                __vectors_ram_size__ = SIZEOF (.vectors_ram)
                0x0000000020000000                __vectors_ram_load_end__ = __vectors_ram_end__
                0x0000000000000001                . = ASSERT (((__vectors_ram_start__ == __vectors_ram_end__) || ((__vectors_ram_end__ - __RAM_segment_start__) <= __RAM_segment_size__)), error: .vectors_ram is too large to fit in RAM memory segment)
                0x0000000008000000                __vectors_load_start__ = ALIGN (__FLASH_segment_start__, 0x100)

.vectors        0x0000000008000000      0x1c8
                0x0000000008000000                __vectors_start__ = .
 *(.vectors .vectors.*)
 .vectors       0x0000000008000000      0x1c8 aes_ctr_756 THUMB Debug/STM32_Startup.o
                0x0000000008000000                __vector_table
                0x0000000008000000                g_pfnVectors
                0x0000000008000000                _vectors
                0x00000000080001c8                __vectors_end__ = (__vectors_start__ + SIZEOF (.vectors))
                0x00000000000001c8                __vectors_size__ = SIZEOF (.vectors)
                0x00000000080001c8                __vectors_load_end__ = __vectors_end__
                0x0000000000000001                . = ASSERT (((__vectors_start__ == __vectors_end__) || ((__vectors_end__ - __FLASH_segment_start__) <= __FLASH_segment_size__)), error: .vectors is too large to fit in FLASH memory segment)
                0x00000000080001c8                __init_load_start__ = ALIGN (__vectors_end__, 0x4)

.init           0x00000000080001c8      0x24c
                0x00000000080001c8                __init_start__ = .
 *(.init .init.*)
 .init          0x00000000080001c8       0xf8 aes_ctr_756 THUMB Debug/STM32_Startup.o
                0x00000000080001da                WWDG_IRQHandler
                0x00000000080001dc                PVD_IRQHandler
                0x00000000080001de                TAMP_STAMP_IRQHandler
                0x00000000080001e0                RTC_WKUP_IRQHandler
                0x00000000080001e2                FLASH_IRQHandler
                0x00000000080001e4                RCC_IRQHandler
                0x00000000080001e6                EXTI0_IRQHandler
                0x00000000080001e8                EXTI1_IRQHandler
                0x00000000080001ea                EXTI2_IRQHandler
                0x00000000080001ec                EXTI3_IRQHandler
                0x00000000080001ee                EXTI4_IRQHandler
                0x00000000080001f0                DMA1_Stream0_IRQHandler
                0x00000000080001f2                DMA1_Stream1_IRQHandler
                0x00000000080001f4                DMA1_Stream2_IRQHandler
                0x00000000080001f6                DMA1_Stream3_IRQHandler
                0x00000000080001f8                DMA1_Stream4_IRQHandler
                0x00000000080001fa                DMA1_Stream5_IRQHandler
                0x00000000080001fc                DMA1_Stream6_IRQHandler
                0x00000000080001fe                ADC_IRQHandler
                0x0000000008000200                CAN1_TX_IRQHandler
                0x0000000008000202                CAN1_RX0_IRQHandler
                0x0000000008000204                CAN1_RX1_IRQHandler
                0x0000000008000206                CAN1_SCE_IRQHandler
                0x0000000008000208                EXTI9_5_IRQHandler
                0x000000000800020a                TIM1_BRK_TIM9_IRQHandler
                0x000000000800020c                TIM1_UP_TIM10_IRQHandler
                0x000000000800020e                TIM1_TRG_COM_TIM11_IRQHandler
                0x0000000008000210                TIM1_CC_IRQHandler
                0x0000000008000214                TIM3_IRQHandler
                0x0000000008000216                TIM4_IRQHandler
                0x0000000008000218                I2C1_EV_IRQHandler
                0x000000000800021a                I2C1_ER_IRQHandler
                0x000000000800021c                I2C2_EV_IRQHandler
                0x000000000800021e                I2C2_ER_IRQHandler
                0x0000000008000220                SPI1_IRQHandler
                0x0000000008000222                SPI2_IRQHandler
                0x0000000008000224                USART1_IRQHandler
                0x0000000008000226                USART2_IRQHandler
                0x0000000008000228                USART3_IRQHandler
                0x000000000800022a                EXTI15_10_IRQHandler
                0x000000000800022c                RTC_Alarm_IRQHandler
                0x000000000800022e                OTG_FS_WKUP_IRQHandler
                0x0000000008000230                TIM8_BRK_TIM12_IRQHandler
                0x0000000008000232                TIM8_UP_TIM13_IRQHandler
                0x0000000008000234                TIM8_TRG_COM_TIM14_IRQHandler
                0x0000000008000236                TIM8_CC_IRQHandler
                0x0000000008000238                DMA1_Stream7_IRQHandler
                0x000000000800023a                FMC_IRQHandler
                0x000000000800023c                SDMMC1_IRQHandler
                0x000000000800023e                TIM5_IRQHandler
                0x0000000008000240                SPI3_IRQHandler
                0x0000000008000242                UART4_IRQHandler
                0x0000000008000244                UART5_IRQHandler
                0x0000000008000246                TIM6_DAC_IRQHandler
                0x0000000008000248                TIM7_IRQHandler
                0x000000000800024a                DMA2_Stream0_IRQHandler
                0x000000000800024c                DMA2_Stream1_IRQHandler
                0x000000000800024e                DMA2_Stream2_IRQHandler
                0x0000000008000250                DMA2_Stream3_IRQHandler
                0x0000000008000252                DMA2_Stream4_IRQHandler
                0x0000000008000254                ETH_IRQHandler
                0x0000000008000256                ETH_WKUP_IRQHandler
                0x0000000008000258                CAN2_TX_IRQHandler
                0x000000000800025a                CAN2_RX0_IRQHandler
                0x000000000800025c                CAN2_RX1_IRQHandler
                0x000000000800025e                CAN2_SCE_IRQHandler
                0x0000000008000260                OTG_FS_IRQHandler
                0x0000000008000266                DMA2_Stream7_IRQHandler
                0x0000000008000268                USART6_IRQHandler
                0x000000000800026a                I2C3_EV_IRQHandler
                0x000000000800026c                I2C3_ER_IRQHandler
                0x000000000800026e                OTG_HS_EP1_OUT_IRQHandler
                0x0000000008000270                OTG_HS_EP1_IN_IRQHandler
                0x0000000008000272                OTG_HS_WKUP_IRQHandler
                0x0000000008000274                OTG_HS_IRQHandler
                0x0000000008000276                DCMI_IRQHandler
                0x000000000800027a                HASH_RNG_IRQHandler
                0x000000000800027c                FPU_IRQHandler
                0x000000000800027e                UART7_IRQHandler
                0x0000000008000280                UART8_IRQHandler
                0x0000000008000282                SPI4_IRQHandler
                0x0000000008000284                SPI5_IRQHandler
                0x0000000008000286                SPI6_IRQHandler
                0x0000000008000288                SAI1_IRQHandler
                0x000000000800028a                LTDC_IRQHandler
                0x000000000800028c                LTDC_ER_IRQHandler
                0x000000000800028e                DMA2D_IRQHandler
                0x0000000008000290                SAI2_IRQHandler
                0x0000000008000292                QUADSPI_IRQHandler
                0x0000000008000294                LPTIM1_IRQHandler
                0x0000000008000296                CEC_IRQHandler
                0x0000000008000298                I2C4_EV_IRQHandler
                0x000000000800029a                I2C4_ER_IRQHandler
                0x000000000800029c                SPDIF_RX_IRQHandler
                0x000000000800029e                reset_handler
 .init          0x00000000080002c0      0x154 aes_ctr_756 THUMB Debug/thumb_crt0.o
                0x00000000080002c0                _start
                0x0000000008000370                exit
                0x0000000008000414                __init_end__ = (__init_start__ + SIZEOF (.init))
                0x000000000000024c                __init_size__ = SIZEOF (.init)
                0x0000000008000414                __init_load_end__ = __init_end__
                0x0000000000000001                . = ASSERT (((__init_start__ == __init_end__) || ((__init_end__ - __FLASH_segment_start__) <= __FLASH_segment_size__)), error: .init is too large to fit in FLASH memory segment)
                0x0000000008000414                __init_rodata_load_start__ = ALIGN (__init_end__, 0x4)

.init_rodata    0x0000000008000414        0x0
                0x0000000008000414                __init_rodata_start__ = .
 *(.init_rodata .init_rodata.*)
                0x0000000008000414                __init_rodata_end__ = (__init_rodata_start__ + SIZEOF (.init_rodata))
                0x0000000000000000                __init_rodata_size__ = SIZEOF (.init_rodata)
                0x0000000008000414                __init_rodata_load_end__ = __init_rodata_end__
                0x0000000000000001                . = ASSERT (((__init_rodata_start__ == __init_rodata_end__) || ((__init_rodata_end__ - __FLASH_segment_start__) <= __FLASH_segment_size__)), error: .init_rodata is too large to fit in FLASH memory segment)
                0x0000000008000414                __text_load_start__ = ALIGN (__init_rodata_end__, 0x4)

.text           0x0000000008000414     0x2fc0
                0x0000000008000414                __text_start__ = .
 *(.text .text.* .gnu.linkonce.t.* .glue_7t .glue_7 .gcc_except_table .ARM.extab* .gnu.linkonce.armextab.*)
 .glue_7        0x0000000008000414        0x0 linker stubs
 .glue_7t       0x0000000008000414        0x0 linker stubs
 .text.MX_CRYP_Init
                0x0000000008000414       0x54 aes_ctr_756 THUMB Debug/crypto.o
                0x0000000008000414                MX_CRYP_Init
 .text.MX_DMA_Init
                0x0000000008000468       0x48 aes_ctr_756 THUMB Debug/crypto.o
                0x0000000008000468                MX_DMA_Init
 .text.AESEncrypt
                0x00000000080004b0       0x3c aes_ctr_756 THUMB Debug/crypto.o
                0x00000000080004b0                AESEncrypt
 .text.AESDecrypt
                0x00000000080004ec       0x54 aes_ctr_756 THUMB Debug/crypto.o
                0x00000000080004ec                AESDecrypt
 .text.Error_Handler
                0x0000000008000540        0x6 aes_ctr_756 THUMB Debug/crypto.o
                0x0000000008000540                Error_Handler
 *fill*         0x0000000008000546        0x2 
 .text.main     0x0000000008000548       0xac aes_ctr_756 THUMB Debug/main.o
                0x0000000008000548                main
 .text.TIM2_IRQHandler
                0x00000000080005f4       0x2c aes_ctr_756 THUMB Debug/main.o
                0x00000000080005f4                TIM2_IRQHandler
 .text.HAL_IncTick
                0x0000000008000620       0x1c aes_ctr_756 THUMB Debug/stm32f7xx_hal.o
                0x0000000008000620                HAL_IncTick
 .text.HAL_GetTick
                0x000000000800063c        0xc aes_ctr_756 THUMB Debug/stm32f7xx_hal.o
                0x000000000800063c                HAL_GetTick
 .text.__NVIC_GetPriorityGrouping
                0x0000000008000648       0x14 aes_ctr_756 THUMB Debug/stm32f7xx_hal_cortex.o
 .text.__NVIC_EnableIRQ
                0x000000000800065c       0x34 aes_ctr_756 THUMB Debug/stm32f7xx_hal_cortex.o
 .text.__NVIC_SetPriority
                0x0000000008000690       0x50 aes_ctr_756 THUMB Debug/stm32f7xx_hal_cortex.o
 .text.NVIC_EncodePriority
                0x00000000080006e0       0x58 aes_ctr_756 THUMB Debug/stm32f7xx_hal_cortex.o
 .text.HAL_NVIC_SetPriority
                0x0000000008000738       0x38 aes_ctr_756 THUMB Debug/stm32f7xx_hal_cortex.o
                0x0000000008000738                HAL_NVIC_SetPriority
 .text.HAL_NVIC_EnableIRQ
                0x0000000008000770       0x1c aes_ctr_756 THUMB Debug/stm32f7xx_hal_cortex.o
                0x0000000008000770                HAL_NVIC_EnableIRQ
 .text.HAL_CRYP_Init
                0x000000000800078c       0x70 aes_ctr_756 THUMB Debug/stm32f7xx_hal_cryp.o
                0x000000000800078c                HAL_CRYP_Init
 .text.HAL_CRYP_Encrypt_DMA
                0x00000000080007fc      0x310 aes_ctr_756 THUMB Debug/stm32f7xx_hal_cryp.o
                0x00000000080007fc                HAL_CRYP_Encrypt_DMA
 .text.HAL_CRYP_Decrypt_DMA
                0x0000000008000b0c      0x290 aes_ctr_756 THUMB Debug/stm32f7xx_hal_cryp.o
                0x0000000008000b0c                HAL_CRYP_Decrypt_DMA
 .text.HAL_CRYP_IRQHandler
                0x0000000008000d9c       0x9c aes_ctr_756 THUMB Debug/stm32f7xx_hal_cryp.o
                0x0000000008000d9c                HAL_CRYP_IRQHandler
 .text.HAL_CRYP_InCpltCallback
                0x0000000008000e38        0xa aes_ctr_756 THUMB Debug/stm32f7xx_hal_cryp.o
                0x0000000008000e38                HAL_CRYP_InCpltCallback
 .text.HAL_CRYP_OutCpltCallback
                0x0000000008000e42        0xa aes_ctr_756 THUMB Debug/stm32f7xx_hal_cryp.o
                0x0000000008000e42                HAL_CRYP_OutCpltCallback
 .text.HAL_CRYP_ErrorCallback
                0x0000000008000e4c        0xa aes_ctr_756 THUMB Debug/stm32f7xx_hal_cryp.o
                0x0000000008000e4c                HAL_CRYP_ErrorCallback
 .text.CRYP_TDES_IT
                0x0000000008000e56      0x1be aes_ctr_756 THUMB Debug/stm32f7xx_hal_cryp.o
 .text.CRYP_AES_Decrypt_DMA
                0x0000000008001014      0x15c aes_ctr_756 THUMB Debug/stm32f7xx_hal_cryp.o
 .text.CRYP_DMAInCplt
                0x0000000008001170       0x2a aes_ctr_756 THUMB Debug/stm32f7xx_hal_cryp.o
 .text.CRYP_DMAOutCplt
                0x000000000800119a       0x56 aes_ctr_756 THUMB Debug/stm32f7xx_hal_cryp.o
 .text.CRYP_DMAError
                0x00000000080011f0       0x2e aes_ctr_756 THUMB Debug/stm32f7xx_hal_cryp.o
 *fill*         0x000000000800121e        0x2 
 .text.CRYP_SetDMAConfig
                0x0000000008001220       0xb8 aes_ctr_756 THUMB Debug/stm32f7xx_hal_cryp.o
 .text.CRYP_AES_IT
                0x00000000080012d8      0x204 aes_ctr_756 THUMB Debug/stm32f7xx_hal_cryp.o
 .text.CRYP_SetKey
                0x00000000080014dc      0x10c aes_ctr_756 THUMB Debug/stm32f7xx_hal_cryp.o
 .text.CRYP_AESGCM_Process_DMA
                0x00000000080015e8      0x1da aes_ctr_756 THUMB Debug/stm32f7xx_hal_cryp.o
 .text.CRYP_AESCCM_Process_DMA
                0x00000000080017c2      0x3a0 aes_ctr_756 THUMB Debug/stm32f7xx_hal_cryp.o
 .text.CRYP_GCMCCM_SetPayloadPhase_IT
                0x0000000008001b62      0x3da aes_ctr_756 THUMB Debug/stm32f7xx_hal_cryp.o
 .text.CRYP_GCMCCM_SetHeaderPhase_DMA
                0x0000000008001f3c      0x3d0 aes_ctr_756 THUMB Debug/stm32f7xx_hal_cryp.o
 .text.CRYP_GCMCCM_SetHeaderPhase_IT
                0x000000000800230c      0x238 aes_ctr_756 THUMB Debug/stm32f7xx_hal_cryp.o
 .text.HAL_DMA_Init
                0x0000000008002544      0x15c aes_ctr_756 THUMB Debug/stm32f7xx_hal_dma.o
                0x0000000008002544                HAL_DMA_Init
 .text.HAL_DMA_Start_IT
                0x00000000080026a0       0xc4 aes_ctr_756 THUMB Debug/stm32f7xx_hal_dma.o
                0x00000000080026a0                HAL_DMA_Start_IT
 .text.HAL_DMA_IRQHandler
                0x0000000008002764      0x310 aes_ctr_756 THUMB Debug/stm32f7xx_hal_dma.o
                0x0000000008002764                HAL_DMA_IRQHandler
 .text.DMA_SetConfig
                0x0000000008002a74       0x52 aes_ctr_756 THUMB Debug/stm32f7xx_hal_dma.o
 *fill*         0x0000000008002ac6        0x2 
 .text.DMA_CalcBaseAndBitshift
                0x0000000008002ac8       0x60 aes_ctr_756 THUMB Debug/stm32f7xx_hal_dma.o
 .text.DMA_CheckFifoParam
                0x0000000008002b28       0xfc aes_ctr_756 THUMB Debug/stm32f7xx_hal_dma.o
 .text.HAL_CRYP_MspInit
                0x0000000008002c24      0x114 aes_ctr_756 THUMB Debug/stm32f7xx_hal_msp.o
                0x0000000008002c24                HAL_CRYP_MspInit
 .text.NMI_Handler
                0x0000000008002d38        0x2 aes_ctr_756 THUMB Debug/stm32f7xx_it.o
                0x0000000008002d38                NMI_Handler
 .text.HardFault_Handler
                0x0000000008002d3a        0x2 aes_ctr_756 THUMB Debug/stm32f7xx_it.o
                0x0000000008002d3a                HardFault_Handler
 .text.MemManage_Handler
                0x0000000008002d3c        0x2 aes_ctr_756 THUMB Debug/stm32f7xx_it.o
                0x0000000008002d3c                MemManage_Handler
 .text.BusFault_Handler
                0x0000000008002d3e        0x2 aes_ctr_756 THUMB Debug/stm32f7xx_it.o
                0x0000000008002d3e                BusFault_Handler
 .text.UsageFault_Handler
                0x0000000008002d40        0x2 aes_ctr_756 THUMB Debug/stm32f7xx_it.o
                0x0000000008002d40                UsageFault_Handler
 .text.SVC_Handler
                0x0000000008002d42        0x4 aes_ctr_756 THUMB Debug/stm32f7xx_it.o
                0x0000000008002d42                SVC_Handler
 .text.DebugMon_Handler
                0x0000000008002d46        0x4 aes_ctr_756 THUMB Debug/stm32f7xx_it.o
                0x0000000008002d46                DebugMon_Handler
 .text.PendSV_Handler
                0x0000000008002d4a        0x4 aes_ctr_756 THUMB Debug/stm32f7xx_it.o
                0x0000000008002d4a                PendSV_Handler
 .text.SysTick_Handler
                0x0000000008002d4e        0xa aes_ctr_756 THUMB Debug/stm32f7xx_it.o
                0x0000000008002d4e                SysTick_Handler
 .text.DMA2_Stream5_IRQHandler
                0x0000000008002d58       0x10 aes_ctr_756 THUMB Debug/stm32f7xx_it.o
                0x0000000008002d58                DMA2_Stream5_IRQHandler
 .text.DMA2_Stream6_IRQHandler
                0x0000000008002d68       0x10 aes_ctr_756 THUMB Debug/stm32f7xx_it.o
                0x0000000008002d68                DMA2_Stream6_IRQHandler
 .text.CRYP_IRQHandler
                0x0000000008002d78       0x10 aes_ctr_756 THUMB Debug/stm32f7xx_it.o
                0x0000000008002d78                CRYP_IRQHandler
 .text.SysClock_init
                0x0000000008002d88      0x178 aes_ctr_756 THUMB Debug/sys_clk.o
                0x0000000008002d88                SysClock_init
 .text.SystemInit
                0x0000000008002f00        0x4 aes_ctr_756 THUMB Debug/system_stm32f7xx.o
                0x0000000008002f00                SystemInit
 .text.__NVIC_EnableIRQ
                0x0000000008002f04       0x34 aes_ctr_756 THUMB Debug/timer.o
 .text.__NVIC_SetPriority
                0x0000000008002f38       0x50 aes_ctr_756 THUMB Debug/timer.o
 .text.timer2_init
                0x0000000008002f88       0x94 aes_ctr_756 THUMB Debug/timer.o
                0x0000000008002f88                timer2_init
 .text.uart1_gpio_init
                0x000000000800301c       0x78 aes_ctr_756 THUMB Debug/uart.o
                0x000000000800301c                uart1_gpio_init
 .text.uart1_dma_init
                0x0000000008003094       0xd8 aes_ctr_756 THUMB Debug/uart.o
                0x0000000008003094                uart1_dma_init
 .text.uart1_init
                0x000000000800316c       0xc0 aes_ctr_756 THUMB Debug/uart.o
                0x000000000800316c                uart1_init
 .text.uart1_send
                0x000000000800322c       0x5c aes_ctr_756 THUMB Debug/uart.o
                0x000000000800322c                uart1_send
 .text.uart1_receive
                0x0000000008003288       0x3c aes_ctr_756 THUMB Debug/uart.o
                0x0000000008003288                uart1_receive
 .text.uartStateCheck
                0x00000000080032c4       0x18 aes_ctr_756 THUMB Debug/uart.o
                0x00000000080032c4                uartStateCheck
 .text.libc.memcpy
                0x00000000080032dc       0x52 C:/Program Files/Rowley Associates Limited/CrossWorks for ARM 4.10/lib/libc_v7em_t_le_eabi.a(libc2_asm.o)
                0x00000000080032dc                __aeabi_memcpy
                0x00000000080032dc                memcpy
                0x00000000080032e8                __aeabi_memcpy8
                0x00000000080032e8                __aeabi_memcpy4
 .text.libc.strlen
                0x000000000800332e       0x60 C:/Program Files/Rowley Associates Limited/CrossWorks for ARM 4.10/lib/libc_v7em_t_le_eabi.a(libc2_asm.o)
                0x000000000800332e                strlen
 .text.libdebugio.__debug_io_lock
                0x000000000800338e        0x2 C:/Program Files/Rowley Associates Limited/CrossWorks for ARM 4.10/lib/libdebugio_v7em_t_le_eabi.a(libdebugio.o)
                0x000000000800338e                __debug_io_lock
 .text.libdebugio.__debug_io_unlock
                0x0000000008003390        0x2 C:/Program Files/Rowley Associates Limited/CrossWorks for ARM 4.10/lib/libdebugio_v7em_t_le_eabi.a(libdebugio.o)
                0x0000000008003390                __debug_io_unlock
 .text.libc.debug_printf
                0x0000000008003392       0x12 C:/Program Files/Rowley Associates Limited/CrossWorks for ARM 4.10/lib/libdebugio_v7em_t_le_eabi.a(libdebugio_asm.o)
                0x0000000008003392                debug_printf
 .text.libdebugio.__do_debug_operation_mempoll
                0x00000000080033a4       0x30 C:/Program Files/Rowley Associates Limited/CrossWorks for ARM 4.10/lib/libdebugio_v7em_t_le_eabi.a(mempoll_debug_operations.o)
                0x00000000080033a4                __do_debug_operation_mempoll
                0x00000000080033d4                __text_end__ = (__text_start__ + SIZEOF (.text))
                0x0000000000002fc0                __text_size__ = SIZEOF (.text)
                0x00000000080033d4                __text_load_end__ = __text_end__

.vfp11_veneer   0x0000000100000000        0x0
 .vfp11_veneer  0x0000000100000000        0x0 linker stubs

.v4_bx          0x0000000100000000        0x0
 .v4_bx         0x0000000100000000        0x0 linker stubs

.iplt           0x0000000100000000        0x0
 .iplt          0x0000000100000000        0x0 aes_ctr_756 THUMB Debug/crypto.o
                0x0000000000000001                . = ASSERT (((__text_start__ == __text_end__) || ((__text_end__ - __FLASH_segment_start__) <= __FLASH_segment_size__)), error: .text is too large to fit in FLASH memory segment)
                0x00000000080033d4                __dtors_load_start__ = ALIGN (__text_end__, 0x4)

.dtors          0x00000000080033d4        0x0
                0x00000000080033d4                __dtors_start__ = .
 *(SORT_BY_NAME(.dtors.*))
 *(.dtors)
 *(.fini_array)
 *(SORT_BY_NAME(.fini_array.*))
                0x00000000080033d4                __dtors_end__ = (__dtors_start__ + SIZEOF (.dtors))
                0x0000000000000000                __dtors_size__ = SIZEOF (.dtors)
                0x00000000080033d4                __dtors_load_end__ = __dtors_end__
                0x0000000000000001                . = ASSERT (((__dtors_start__ == __dtors_end__) || ((__dtors_end__ - __FLASH_segment_start__) <= __FLASH_segment_size__)), error: .dtors is too large to fit in FLASH memory segment)
                0x00000000080033d4                __ctors_load_start__ = ALIGN (__dtors_end__, 0x4)

.ctors          0x00000000080033d4        0x0
                0x00000000080033d4                __ctors_start__ = .
 *(SORT_BY_NAME(.ctors.*))
 *(.ctors)
 *(.init_array)
 *(SORT_BY_NAME(.init_array.*))
                0x00000000080033d4                __ctors_end__ = (__ctors_start__ + SIZEOF (.ctors))
                0x0000000000000000                __ctors_size__ = SIZEOF (.ctors)
                0x00000000080033d4                __ctors_load_end__ = __ctors_end__
                0x0000000000000001                . = ASSERT (((__ctors_start__ == __ctors_end__) || ((__ctors_end__ - __FLASH_segment_start__) <= __FLASH_segment_size__)), error: .ctors is too large to fit in FLASH memory segment)
                0x00000000080033d4                __rodata_load_start__ = ALIGN (__ctors_end__, 0x4)

.rodata         0x00000000080033d4       0x60
                0x00000000080033d4                __rodata_start__ = .
 *(.rodata .rodata.* .gnu.linkonce.r.*)
 .rodata.pKeyCRYP
                0x00000000080033d4       0x10 aes_ctr_756 THUMB Debug/crypto.o
 .rodata.pInitVectCRYP
                0x00000000080033e4       0x10 aes_ctr_756 THUMB Debug/crypto.o
 .rodata        0x00000000080033f4        0x7 aes_ctr_756 THUMB Debug/crypto.o
 *fill*         0x00000000080033fb        0x1 
 .rodata        0x00000000080033fc       0x30 aes_ctr_756 THUMB Debug/stm32f7xx_hal_cryp.o
 .rodata.flagBitshiftOffset.0
                0x000000000800342c        0x8 aes_ctr_756 THUMB Debug/stm32f7xx_hal_dma.o
                0x0000000008003434                __rodata_end__ = (__rodata_start__ + SIZEOF (.rodata))
                0x0000000000000060                __rodata_size__ = SIZEOF (.rodata)
                0x0000000008003434                __rodata_load_end__ = __rodata_end__

.rel.dyn        0x0000000000200000        0x0
 .rel.iplt      0x0000000000200000        0x0 aes_ctr_756 THUMB Debug/crypto.o
                0x0000000000000001                . = ASSERT (((__rodata_start__ == __rodata_end__) || ((__rodata_end__ - __FLASH_segment_start__) <= __FLASH_segment_size__)), error: .rodata is too large to fit in FLASH memory segment)
                0x0000000008003434                __ARM.exidx_load_start__ = ALIGN (__rodata_end__, 0x4)

.ARM.exidx      0x0000000008003434        0x0
                0x0000000008003434                __ARM.exidx_start__ = .
                0x0000000008003434                __exidx_start = __ARM.exidx_start__
 *(.ARM.exidx .ARM.exidx.*)
                0x0000000008003434                __ARM.exidx_end__ = (__ARM.exidx_start__ + SIZEOF (.ARM.exidx))
                0x0000000000000000                __ARM.exidx_size__ = SIZEOF (.ARM.exidx)
                0x0000000008003434                __exidx_end = __ARM.exidx_end__
                0x0000000008003434                __ARM.exidx_load_end__ = __ARM.exidx_end__
                0x0000000000000001                . = ASSERT (((__ARM.exidx_start__ == __ARM.exidx_end__) || ((__ARM.exidx_end__ - __FLASH_segment_start__) <= __FLASH_segment_size__)), error: .ARM.exidx is too large to fit in FLASH memory segment)
                0x0000000008003434                __fast_load_start__ = ALIGN (__ARM.exidx_end__, 0x4)

.fast           0x0000000020000000        0x0 load address 0x0000000008003434
                0x0000000020000000                __fast_start__ = .
 *(.fast .fast.*)
                0x0000000020000000                __fast_end__ = (__fast_start__ + SIZEOF (.fast))
                0x0000000000000000                __fast_size__ = SIZEOF (.fast)
                0x0000000008003434                __fast_load_end__ = (__fast_load_start__ + SIZEOF (.fast))
                0x0000000000000001                . = ASSERT (((__fast_load_start__ == __fast_load_end__) || ((__fast_load_end__ - __FLASH_segment_start__) <= __FLASH_segment_size__)), error: .fast is too large to fit in FLASH memory segment)

.fast_run       0x0000000020000000        0x0
                0x0000000020000000                __fast_run_start__ = .
                0x0000000020000000                __fast_run_end__ = (__fast_run_start__ + SIZEOF (.fast))
                0x0000000000000000                __fast_run_size__ = (__fast_run_end__ - __fast_run_start__)
                0x0000000020000000                __fast_run_load_end__ = __fast_run_end__
                0x0000000000000001                . = ASSERT (((__fast_run_start__ == __fast_run_end__) || ((__fast_run_end__ - __RAM_segment_start__) <= __RAM_segment_size__)), error: .fast_run is too large to fit in RAM memory segment)
                0x0000000008003434                __data_load_start__ = ALIGN ((__fast_load_start__ + SIZEOF (.fast)), 0x4)

.data           0x0000000020000000      0x104 load address 0x0000000008003434
                0x0000000020000000                __data_start__ = .
 *(.data .data.* .gnu.linkonce.d.*)
 .data.text     0x0000000020000000       0xff aes_ctr_756 THUMB Debug/main.o
                0x0000000020000000                text
 .data.uwTickFreq
                0x00000000200000ff        0x1 aes_ctr_756 THUMB Debug/stm32f7xx_hal.o
                0x00000000200000ff                uwTickFreq
 .data.SystemCoreClock
                0x0000000020000100        0x4 aes_ctr_756 THUMB Debug/system_stm32f7xx.o
                0x0000000020000100                SystemCoreClock
                0x0000000020000104                __data_end__ = (__data_start__ + SIZEOF (.data))
                0x0000000000000104                __data_size__ = SIZEOF (.data)
                0x0000000008003538                __data_load_end__ = (__data_load_start__ + SIZEOF (.data))

.igot.plt       0x0000000100000000        0x0
 .igot.plt      0x0000000100000000        0x0 aes_ctr_756 THUMB Debug/crypto.o
                0x0000000000000001                . = ASSERT (((__data_load_start__ == __data_load_end__) || ((__data_load_end__ - __FLASH_segment_start__) <= __FLASH_segment_size__)), error: .data is too large to fit in FLASH memory segment)

.data_run       0x0000000020000000        0x0
                0x0000000020000000                __data_run_start__ = .
                0x0000000020000104                __data_run_end__ = (__data_run_start__ + SIZEOF (.data))
                0x0000000000000104                __data_run_size__ = (__data_run_end__ - __data_run_start__)
                0x0000000020000104                __data_run_load_end__ = __data_run_end__
                0x0000000000000001                . = ASSERT (((__data_run_start__ == __data_run_end__) || ((__data_run_end__ - __RAM_segment_start__) <= __RAM_segment_size__)), error: .data_run is too large to fit in RAM memory segment)
                0x0000000020000104                __bss_load_start__ = ALIGN (__data_run_end__, 0x4)

.bss            0x0000000020000104      0x530
                0x0000000020000104                __bss_start__ = .
 *(.bss .bss.* .gnu.linkonce.b.*)
 .bss.hcryp     0x0000000020000104       0x60 aes_ctr_756 THUMB Debug/crypto.o
                0x0000000020000104                hcryp
 .bss.hdma_cryp_in
                0x0000000020000164       0x60 aes_ctr_756 THUMB Debug/crypto.o
                0x0000000020000164                hdma_cryp_in
 .bss.hdma_cryp_out
                0x00000000200001c4       0x60 aes_ctr_756 THUMB Debug/crypto.o
                0x00000000200001c4                hdma_cryp_out
 .bss.ciphertext
                0x0000000020000224       0xff aes_ctr_756 THUMB Debug/crypto.o
                0x0000000020000224                ciphertext
 *fill*         0x0000000020000323        0x1 
 .bss.decryptedtext
                0x0000000020000324       0xff aes_ctr_756 THUMB Debug/crypto.o
                0x0000000020000324                decryptedtext
 .bss.count     0x0000000020000423        0x1 aes_ctr_756 THUMB Debug/crypto.o
                0x0000000020000423                count
 .bss.to_encrypt
                0x0000000020000424        0x1 aes_ctr_756 THUMB Debug/main.o
                0x0000000020000424                to_encrypt
 .bss.tx_size   0x0000000020000425        0x1 aes_ctr_756 THUMB Debug/main.o
                0x0000000020000425                tx_size
 *fill*         0x0000000020000426        0x2 
 .bss.uwTick    0x0000000020000428        0x4 aes_ctr_756 THUMB Debug/stm32f7xx_hal.o
                0x0000000020000428                uwTick
 .bss.uart1_tx  0x000000002000042c       0xff aes_ctr_756 THUMB Debug/uart.o
                0x000000002000042c                uart1_tx
 *fill*         0x000000002000052b        0x1 
 .bss.uart1_rx  0x000000002000052c       0xff aes_ctr_756 THUMB Debug/uart.o
                0x000000002000052c                uart1_rx
 .bss.uart1_rxFlag
                0x000000002000062b        0x1 aes_ctr_756 THUMB Debug/uart.o
                0x000000002000062b                uart1_rxFlag
 .bss.libdebugio.dbgCommWord
                0x000000002000062c        0x4 C:/Program Files/Rowley Associates Limited/CrossWorks for ARM 4.10/lib/libdebugio_v7em_t_le_eabi.a(mempoll_debug_operations.o)
                0x000000002000062c                dbgCommWord
 .bss.libdebugio.dbgCntrlWord_mempoll
                0x0000000020000630        0x4 C:/Program Files/Rowley Associates Limited/CrossWorks for ARM 4.10/lib/libdebugio_v7em_t_le_eabi.a(mempoll_debug_operations.o)
                0x0000000020000630                dbgCntrlWord_mempoll
 *(COMMON)
                0x0000000020000634                __bss_end__ = (__bss_start__ + SIZEOF (.bss))
                0x0000000000000530                __bss_size__ = SIZEOF (.bss)
                0x0000000020000634                __bss_load_end__ = __bss_end__
                0x0000000000000001                . = ASSERT (((__bss_start__ == __bss_end__) || ((__bss_end__ - __RAM_segment_start__) <= __RAM_segment_size__)), error: .bss is too large to fit in RAM memory segment)
                0x0000000020000634                __tbss_load_start__ = ALIGN (__bss_end__, 0x4)

.tbss           0x0000000020000634        0x0
                0x0000000020000634                __tbss_start__ = .
 *(.tbss .tbss.*)
                0x0000000020000634                __tbss_end__ = (__tbss_start__ + SIZEOF (.tbss))
                0x0000000000000000                __tbss_size__ = SIZEOF (.tbss)
                0x0000000020000634                __tbss_load_end__ = __tbss_end__
                0x0000000000000001                . = ASSERT (((__tbss_start__ == __tbss_end__) || ((__tbss_end__ - __RAM_segment_start__) <= __RAM_segment_size__)), error: .tbss is too large to fit in RAM memory segment)
                0x0000000008003538                __tdata_load_start__ = ALIGN ((__data_load_start__ + SIZEOF (.data)), 0x4)

.tdata          0x0000000020000634        0x0 load address 0x0000000008003538
                0x0000000020000634                __tdata_start__ = .
 *(.tdata .tdata.*)
                0x0000000020000634                __tdata_end__ = (__tdata_start__ + SIZEOF (.tdata))
                0x0000000000000000                __tdata_size__ = SIZEOF (.tdata)
                0x0000000008003538                __tdata_load_end__ = (__tdata_load_start__ + SIZEOF (.tdata))
                0x0000000008003538                __FLASH_segment_used_end__ = (ALIGN ((__data_load_start__ + SIZEOF (.data)), 0x4) + SIZEOF (.tdata))
                0x0000000000003538                __FLASH_segment_used_size__ = (__FLASH_segment_used_end__ - __FLASH_segment_start__)
                0x0000000000000001                . = ASSERT (((__tdata_load_start__ == __tdata_load_end__) || ((__tdata_load_end__ - __FLASH_segment_start__) <= __FLASH_segment_size__)), error: .tdata is too large to fit in FLASH memory segment)

.tdata_run      0x0000000020000634        0x0
                0x0000000020000634                __tdata_run_start__ = .
                0x0000000020000634                __tdata_run_end__ = (__tdata_run_start__ + SIZEOF (.tdata))
                0x0000000000000000                __tdata_run_size__ = (__tdata_run_end__ - __tdata_run_start__)
                0x0000000020000634                __tdata_run_load_end__ = __tdata_run_end__
                0x0000000000000001                . = ASSERT (((__tdata_run_start__ == __tdata_run_end__) || ((__tdata_run_end__ - __RAM_segment_start__) <= __RAM_segment_size__)), error: .tdata_run is too large to fit in RAM memory segment)
                0x0000000020000634                __non_init_load_start__ = ALIGN (__tdata_run_end__, 0x4)

.non_init       0x0000000020000634        0x0
                0x0000000020000634                __non_init_start__ = .
 *(.non_init .non_init.*)
                0x0000000020000634                __non_init_end__ = (__non_init_start__ + SIZEOF (.non_init))
                0x0000000000000000                __non_init_size__ = SIZEOF (.non_init)
                0x0000000020000634                __non_init_load_end__ = __non_init_end__
                0x0000000000000001                . = ASSERT (((__non_init_start__ == __non_init_end__) || ((__non_init_end__ - __RAM_segment_start__) <= __RAM_segment_size__)), error: .non_init is too large to fit in RAM memory segment)
                0x0000000020000638                __heap_load_start__ = ALIGN (__non_init_end__, 0x8)

.heap           0x0000000020000638       0x80
                0x0000000020000638                __heap_start__ = .
 *(.heap .heap.*)
                0x00000000200006b8                . = ALIGN (MAX ((__heap_start__ + __HEAPSIZE__), .), 0x8)
 *fill*         0x0000000020000638       0x80 
                0x00000000200006b8                __heap_end__ = (__heap_start__ + SIZEOF (.heap))
                0x0000000000000080                __heap_size__ = SIZEOF (.heap)
                0x00000000200006b8                __heap_load_end__ = __heap_end__
                0x0000000000000001                . = ASSERT (((__heap_start__ == __heap_end__) || ((__heap_end__ - __RAM_segment_start__) <= __RAM_segment_size__)), error: .heap is too large to fit in RAM memory segment)
                0x0000000000000001                . = ASSERT ((__HEAPSIZE__ == ALIGN (__HEAPSIZE__, 0x8)), error: .heap section size does not match alignment)
                0x0000000000000001                . = ASSERT ((__heap_size__ <= __HEAPSIZE__), error: .heap section is larger than specified size)
                0x00000000200006b8                __stack_load_start__ = ALIGN (__heap_end__, 0x8)

.stack          0x00000000200006b8      0x100
                0x00000000200006b8                __stack_start__ = .
 *(.stack .stack.*)
                0x00000000200007b8                . = ALIGN (MAX ((__stack_start__ + __STACKSIZE__), .), 0x8)
 *fill*         0x00000000200006b8      0x100 
                0x00000000200007b8                __stack_end__ = (__stack_start__ + SIZEOF (.stack))
                0x0000000000000100                __stack_size__ = SIZEOF (.stack)
                0x00000000200007b8                __stack_load_end__ = __stack_end__
                0x0000000000000001                . = ASSERT (((__stack_start__ == __stack_end__) || ((__stack_end__ - __RAM_segment_start__) <= __RAM_segment_size__)), error: .stack is too large to fit in RAM memory segment)
                0x0000000000000001                . = ASSERT ((__STACKSIZE__ == ALIGN (__STACKSIZE__, 0x8)), error: .stack section size does not match alignment)
                0x0000000000000001                . = ASSERT ((__stack_size__ <= __STACKSIZE__), error: .stack section is larger than specified size)
                0x00000000200007b8                __stack_process_load_start__ = ALIGN (__stack_end__, 0x8)

.stack_process  0x00000000200007b8        0x0
                0x00000000200007b8                __stack_process_start__ = .
 *(.stack_process .stack_process.*)
                0x00000000200007b8                . = ALIGN (MAX ((__stack_process_start__ + __STACKSIZE_PROCESS__), .), 0x8)
                0x00000000200007b8                __stack_process_end__ = (__stack_process_start__ + SIZEOF (.stack_process))
                0x0000000000000000                __stack_process_size__ = SIZEOF (.stack_process)
                0x00000000200007b8                __stack_process_load_end__ = __stack_process_end__
                0x00000000200007b8                __RAM_segment_used_end__ = (ALIGN (__stack_end__, 0x8) + SIZEOF (.stack_process))
                0x00000000000007b8                __RAM_segment_used_size__ = (__RAM_segment_used_end__ - __RAM_segment_start__)
                0x0000000000000001                . = ASSERT (((__stack_process_start__ == __stack_process_end__) || ((__stack_process_end__ - __RAM_segment_start__) <= __RAM_segment_size__)), error: .stack_process is too large to fit in RAM memory segment)
                0x0000000000000001                . = ASSERT ((__STACKSIZE_PROCESS__ == ALIGN (__STACKSIZE_PROCESS__, 0x8)), error: .stack_process section size does not match alignment)
                0x0000000000000001                . = ASSERT ((__stack_process_size__ <= __STACKSIZE_PROCESS__), error: .stack_process section is larger than specified size)
START GROUP
LOAD aes_ctr_756 THUMB Debug/crypto.o
LOAD aes_ctr_756 THUMB Debug/main.o
LOAD aes_ctr_756 THUMB Debug/stm32f7xx_hal.o
LOAD aes_ctr_756 THUMB Debug/stm32f7xx_hal_cortex.o
LOAD aes_ctr_756 THUMB Debug/stm32f7xx_hal_cryp.o
LOAD aes_ctr_756 THUMB Debug/stm32f7xx_hal_cryp_ex.o
LOAD aes_ctr_756 THUMB Debug/stm32f7xx_hal_dma.o
LOAD aes_ctr_756 THUMB Debug/stm32f7xx_hal_dma_ex.o
LOAD aes_ctr_756 THUMB Debug/stm32f7xx_hal_flash.o
LOAD aes_ctr_756 THUMB Debug/stm32f7xx_hal_flash_ex.o
LOAD aes_ctr_756 THUMB Debug/stm32f7xx_hal_gpio.o
LOAD aes_ctr_756 THUMB Debug/stm32f7xx_hal_msp.o
LOAD aes_ctr_756 THUMB Debug/stm32f7xx_hal_rcc.o
LOAD aes_ctr_756 THUMB Debug/stm32f7xx_hal_rcc_ex.o
LOAD aes_ctr_756 THUMB Debug/stm32f7xx_it.o
LOAD aes_ctr_756 THUMB Debug/sys_clk.o
LOAD aes_ctr_756 THUMB Debug/syscalls.o
LOAD aes_ctr_756 THUMB Debug/sysmem.o
LOAD aes_ctr_756 THUMB Debug/system_stm32f7xx.o
LOAD aes_ctr_756 THUMB Debug/timer.o
LOAD aes_ctr_756 THUMB Debug/uart.o
LOAD aes_ctr_756 THUMB Debug/STM32_Startup.o
LOAD aes_ctr_756 THUMB Debug/thumb_crt0.o
LOAD C:/Program Files/Rowley Associates Limited/CrossWorks for ARM 4.10/lib/libm_v7em_t_le_eabi.a
LOAD C:/Program Files/Rowley Associates Limited/CrossWorks for ARM 4.10/lib/libc_v7em_t_le_eabi.a
LOAD C:/Program Files/Rowley Associates Limited/CrossWorks for ARM 4.10/lib/libdebugio_v7em_t_le_eabi.a
LOAD C:/Program Files/Rowley Associates Limited/CrossWorks for ARM 4.10/lib/libcm_v7em_t_le_eabi.a
END GROUP
OUTPUT(C:/Users/bijit/Downloads/AES_CTR_756-main (1)/AES_CTR_756-main/aes_ctr_756 THUMB Debug/aes_ctr_756.elf elf32-littlearm)
LOAD linker stubs

.debug_frame    0x0000000000000000     0x13a8
 .debug_frame   0x0000000000000000       0xa8 aes_ctr_756 THUMB Debug/crypto.o
 .debug_frame   0x00000000000000a8       0x3c aes_ctr_756 THUMB Debug/main.o
 .debug_frame   0x00000000000000e4      0x240 aes_ctr_756 THUMB Debug/stm32f7xx_hal.o
 .debug_frame   0x0000000000000324      0x45c aes_ctr_756 THUMB Debug/stm32f7xx_hal_cortex.o
 .debug_frame   0x0000000000000780      0x70c aes_ctr_756 THUMB Debug/stm32f7xx_hal_cryp.o
 .debug_frame   0x0000000000000e8c      0x228 aes_ctr_756 THUMB Debug/stm32f7xx_hal_dma.o
 .debug_frame   0x00000000000010b4       0x80 aes_ctr_756 THUMB Debug/stm32f7xx_hal_msp.o
 .debug_frame   0x0000000000001134      0x100 aes_ctr_756 THUMB Debug/stm32f7xx_it.o
 .debug_frame   0x0000000000001234       0x20 aes_ctr_756 THUMB Debug/sys_clk.o
 .debug_frame   0x0000000000001254       0x40 aes_ctr_756 THUMB Debug/system_stm32f7xx.o
 .debug_frame   0x0000000000001294       0x6c aes_ctr_756 THUMB Debug/timer.o
 .debug_frame   0x0000000000001300       0xa8 aes_ctr_756 THUMB Debug/uart.o

.debug_info     0x0000000000000000     0x8170
 .debug_info    0x0000000000000000      0xe6d aes_ctr_756 THUMB Debug/crypto.o
 .debug_info    0x0000000000000e6d      0x374 aes_ctr_756 THUMB Debug/main.o
 .debug_info    0x00000000000011e1      0xa06 aes_ctr_756 THUMB Debug/stm32f7xx_hal.o
 .debug_info    0x0000000000001be7     0x1080 aes_ctr_756 THUMB Debug/stm32f7xx_hal_cortex.o
 .debug_info    0x0000000000002c67     0x1de7 aes_ctr_756 THUMB Debug/stm32f7xx_hal_cryp.o
 .debug_info    0x0000000000004a4e      0x937 aes_ctr_756 THUMB Debug/stm32f7xx_hal_dma.o
 .debug_info    0x0000000000005385      0xd28 aes_ctr_756 THUMB Debug/stm32f7xx_hal_msp.o
 .debug_info    0x00000000000060ad      0x854 aes_ctr_756 THUMB Debug/stm32f7xx_it.o
 .debug_info    0x0000000000006901      0x342 aes_ctr_756 THUMB Debug/sys_clk.o
 .debug_info    0x0000000000006c43      0x365 aes_ctr_756 THUMB Debug/system_stm32f7xx.o
 .debug_info    0x0000000000006fa8      0xbc6 aes_ctr_756 THUMB Debug/timer.o
 .debug_info    0x0000000000007b6e      0x5bc aes_ctr_756 THUMB Debug/uart.o
 .debug_info    0x000000000000812a       0x24 aes_ctr_756 THUMB Debug/STM32_Startup.o
 .debug_info    0x000000000000814e       0x22 aes_ctr_756 THUMB Debug/thumb_crt0.o

.debug_abbrev   0x0000000000000000     0x1662
 .debug_abbrev  0x0000000000000000      0x282 aes_ctr_756 THUMB Debug/crypto.o
 .debug_abbrev  0x0000000000000282      0x1a8 aes_ctr_756 THUMB Debug/main.o
 .debug_abbrev  0x000000000000042a      0x210 aes_ctr_756 THUMB Debug/stm32f7xx_hal.o
 .debug_abbrev  0x000000000000063a      0x310 aes_ctr_756 THUMB Debug/stm32f7xx_hal_cortex.o
 .debug_abbrev  0x000000000000094a      0x2e0 aes_ctr_756 THUMB Debug/stm32f7xx_hal_cryp.o
 .debug_abbrev  0x0000000000000c2a      0x25e aes_ctr_756 THUMB Debug/stm32f7xx_hal_dma.o
 .debug_abbrev  0x0000000000000e88      0x1dd aes_ctr_756 THUMB Debug/stm32f7xx_hal_msp.o
 .debug_abbrev  0x0000000000001065      0x173 aes_ctr_756 THUMB Debug/stm32f7xx_it.o
 .debug_abbrev  0x00000000000011d8       0xb2 aes_ctr_756 THUMB Debug/sys_clk.o
 .debug_abbrev  0x000000000000128a      0x119 aes_ctr_756 THUMB Debug/system_stm32f7xx.o
 .debug_abbrev  0x00000000000013a3      0x15b aes_ctr_756 THUMB Debug/timer.o
 .debug_abbrev  0x00000000000014fe      0x13e aes_ctr_756 THUMB Debug/uart.o
 .debug_abbrev  0x000000000000163c       0x14 aes_ctr_756 THUMB Debug/STM32_Startup.o
 .debug_abbrev  0x0000000000001650       0x12 aes_ctr_756 THUMB Debug/thumb_crt0.o

.debug_pubnames
                0x0000000000000000     0x3bfa
 .debug_pubnames
                0x0000000000000000      0x973 aes_ctr_756 THUMB Debug/crypto.o
 .debug_pubnames
                0x0000000000000973      0x118 aes_ctr_756 THUMB Debug/main.o
 .debug_pubnames
                0x0000000000000a8b      0xb23 aes_ctr_756 THUMB Debug/stm32f7xx_hal.o
 .debug_pubnames
                0x00000000000015ae      0xae1 aes_ctr_756 THUMB Debug/stm32f7xx_hal_cortex.o
 .debug_pubnames
                0x000000000000208f      0x53d aes_ctr_756 THUMB Debug/stm32f7xx_hal_cryp.o
 .debug_pubnames
                0x00000000000025cc      0x370 aes_ctr_756 THUMB Debug/stm32f7xx_hal_dma.o
 .debug_pubnames
                0x000000000000293c      0x85c aes_ctr_756 THUMB Debug/stm32f7xx_hal_msp.o
 .debug_pubnames
                0x0000000000003198      0x151 aes_ctr_756 THUMB Debug/stm32f7xx_it.o
 .debug_pubnames
                0x00000000000032e9       0x24 aes_ctr_756 THUMB Debug/sys_clk.o
 .debug_pubnames
                0x000000000000330d       0x73 aes_ctr_756 THUMB Debug/system_stm32f7xx.o
 .debug_pubnames
                0x0000000000003380      0x7a8 aes_ctr_756 THUMB Debug/timer.o
 .debug_pubnames
                0x0000000000003b28       0xd2 aes_ctr_756 THUMB Debug/uart.o

.debug_pubtypes
                0x0000000000000000     0x1197
 .debug_pubtypes
                0x0000000000000000      0x22b aes_ctr_756 THUMB Debug/crypto.o
 .debug_pubtypes
                0x000000000000022b       0xf9 aes_ctr_756 THUMB Debug/main.o
 .debug_pubtypes
                0x0000000000000324      0x155 aes_ctr_756 THUMB Debug/stm32f7xx_hal.o
 .debug_pubtypes
                0x0000000000000479      0x14c aes_ctr_756 THUMB Debug/stm32f7xx_hal_cortex.o
 .debug_pubtypes
                0x00000000000005c5      0x20d aes_ctr_756 THUMB Debug/stm32f7xx_hal_cryp.o
 .debug_pubtypes
                0x00000000000007d2      0x1d0 aes_ctr_756 THUMB Debug/stm32f7xx_hal_dma.o
 .debug_pubtypes
                0x00000000000009a2      0x21f aes_ctr_756 THUMB Debug/stm32f7xx_hal_msp.o
 .debug_pubtypes
                0x0000000000000bc1      0x1eb aes_ctr_756 THUMB Debug/stm32f7xx_it.o
 .debug_pubtypes
                0x0000000000000dac       0xde aes_ctr_756 THUMB Debug/sys_clk.o
 .debug_pubtypes
                0x0000000000000e8a       0xc8 aes_ctr_756 THUMB Debug/system_stm32f7xx.o
 .debug_pubtypes
                0x0000000000000f52      0x10d aes_ctr_756 THUMB Debug/timer.o
 .debug_pubtypes
                0x000000000000105f      0x138 aes_ctr_756 THUMB Debug/uart.o

.debug_aranges  0x0000000000000000      0x680
 .debug_aranges
                0x0000000000000000       0x40 aes_ctr_756 THUMB Debug/crypto.o
 .debug_aranges
                0x0000000000000040       0x28 aes_ctr_756 THUMB Debug/main.o
 .debug_aranges
                0x0000000000000068      0x100 aes_ctr_756 THUMB Debug/stm32f7xx_hal.o
 .debug_aranges
                0x0000000000000168      0x128 aes_ctr_756 THUMB Debug/stm32f7xx_hal_cortex.o
 .debug_aranges
                0x0000000000000290      0x188 aes_ctr_756 THUMB Debug/stm32f7xx_hal_cryp.o
 .debug_aranges
                0x0000000000000418       0x90 aes_ctr_756 THUMB Debug/stm32f7xx_hal_dma.o
 .debug_aranges
                0x00000000000004a8       0x30 aes_ctr_756 THUMB Debug/stm32f7xx_hal_msp.o
 .debug_aranges
                0x00000000000004d8       0x78 aes_ctr_756 THUMB Debug/stm32f7xx_it.o
 .debug_aranges
                0x0000000000000550       0x20 aes_ctr_756 THUMB Debug/sys_clk.o
 .debug_aranges
                0x0000000000000570       0x28 aes_ctr_756 THUMB Debug/system_stm32f7xx.o
 .debug_aranges
                0x0000000000000598       0x30 aes_ctr_756 THUMB Debug/timer.o
 .debug_aranges
                0x00000000000005c8       0x48 aes_ctr_756 THUMB Debug/uart.o
 .debug_aranges
                0x0000000000000610       0x20 aes_ctr_756 THUMB Debug/STM32_Startup.o
 .debug_aranges
                0x0000000000000630       0x50 aes_ctr_756 THUMB Debug/thumb_crt0.o

.debug_ranges   0x0000000000000000      0x598
 .debug_ranges  0x0000000000000000       0x30 aes_ctr_756 THUMB Debug/crypto.o
 .debug_ranges  0x0000000000000030       0x18 aes_ctr_756 THUMB Debug/main.o
 .debug_ranges  0x0000000000000048       0xf0 aes_ctr_756 THUMB Debug/stm32f7xx_hal.o
 .debug_ranges  0x0000000000000138      0x118 aes_ctr_756 THUMB Debug/stm32f7xx_hal_cortex.o
 .debug_ranges  0x0000000000000250      0x178 aes_ctr_756 THUMB Debug/stm32f7xx_hal_cryp.o
 .debug_ranges  0x00000000000003c8       0x80 aes_ctr_756 THUMB Debug/stm32f7xx_hal_dma.o
 .debug_ranges  0x0000000000000448       0x20 aes_ctr_756 THUMB Debug/stm32f7xx_hal_msp.o
 .debug_ranges  0x0000000000000468       0x68 aes_ctr_756 THUMB Debug/stm32f7xx_it.o
 .debug_ranges  0x00000000000004d0       0x10 aes_ctr_756 THUMB Debug/sys_clk.o
 .debug_ranges  0x00000000000004e0       0x18 aes_ctr_756 THUMB Debug/system_stm32f7xx.o
 .debug_ranges  0x00000000000004f8       0x20 aes_ctr_756 THUMB Debug/timer.o
 .debug_ranges  0x0000000000000518       0x38 aes_ctr_756 THUMB Debug/uart.o
 .debug_ranges  0x0000000000000550       0x48 aes_ctr_756 THUMB Debug/thumb_crt0.o

.debug_macro    0x0000000000000000    0x1fe4f
 .debug_macro   0x0000000000000000      0x19b aes_ctr_756 THUMB Debug/crypto.o
 .debug_macro   0x000000000000019b      0xb3e aes_ctr_756 THUMB Debug/crypto.o
 .debug_macro   0x0000000000000cd9      0x18d aes_ctr_756 THUMB Debug/crypto.o
 .debug_macro   0x0000000000000e66       0x3b aes_ctr_756 THUMB Debug/crypto.o
 .debug_macro   0x0000000000000ea1       0x1c aes_ctr_756 THUMB Debug/crypto.o
 .debug_macro   0x0000000000000ebd       0x22 aes_ctr_756 THUMB Debug/crypto.o
 .debug_macro   0x0000000000000edf       0xf4 aes_ctr_756 THUMB Debug/crypto.o
 .debug_macro   0x0000000000000fd3     0x1313 aes_ctr_756 THUMB Debug/crypto.o
 .debug_macro   0x00000000000022e6      0x11f aes_ctr_756 THUMB Debug/crypto.o
 .debug_macro   0x0000000000002405       0x22 aes_ctr_756 THUMB Debug/crypto.o
 .debug_macro   0x0000000000002427    0x1987c aes_ctr_756 THUMB Debug/crypto.o
 .debug_macro   0x000000000001bca3      0x27b aes_ctr_756 THUMB Debug/crypto.o
 .debug_macro   0x000000000001bf1e       0x2e aes_ctr_756 THUMB Debug/crypto.o
 .debug_macro   0x000000000001bf4c       0x6d aes_ctr_756 THUMB Debug/crypto.o
 .debug_macro   0x000000000001bfb9       0x90 aes_ctr_756 THUMB Debug/crypto.o
 .debug_macro   0x000000000001c049       0x1c aes_ctr_756 THUMB Debug/crypto.o
 .debug_macro   0x000000000001c065       0x63 aes_ctr_756 THUMB Debug/crypto.o
 .debug_macro   0x000000000001c0c8     0x1939 aes_ctr_756 THUMB Debug/crypto.o
 .debug_macro   0x000000000001da01      0x6c4 aes_ctr_756 THUMB Debug/crypto.o
 .debug_macro   0x000000000001e0c5      0x115 aes_ctr_756 THUMB Debug/crypto.o
 .debug_macro   0x000000000001e1da      0x1fd aes_ctr_756 THUMB Debug/crypto.o
 .debug_macro   0x000000000001e3d7       0xa5 aes_ctr_756 THUMB Debug/crypto.o
 .debug_macro   0x000000000001e47c      0x24f aes_ctr_756 THUMB Debug/crypto.o
 .debug_macro   0x000000000001e6cb       0x41 aes_ctr_756 THUMB Debug/crypto.o
 .debug_macro   0x000000000001e70c       0x58 aes_ctr_756 THUMB Debug/crypto.o
 .debug_macro   0x000000000001e764      0x236 aes_ctr_756 THUMB Debug/crypto.o
 .debug_macro   0x000000000001e99a      0x153 aes_ctr_756 THUMB Debug/crypto.o
 .debug_macro   0x000000000001eaed       0x20 aes_ctr_756 THUMB Debug/crypto.o
 .debug_macro   0x000000000001eb0d      0x14e aes_ctr_756 THUMB Debug/crypto.o
 .debug_macro   0x000000000001ec5b      0x25a aes_ctr_756 THUMB Debug/crypto.o
 .debug_macro   0x000000000001eeb5       0x12 aes_ctr_756 THUMB Debug/crypto.o
 .debug_macro   0x000000000001eec7      0x14d aes_ctr_756 THUMB Debug/crypto.o
 .debug_macro   0x000000000001f014       0x34 aes_ctr_756 THUMB Debug/crypto.o
 .debug_macro   0x000000000001f048      0x1ae aes_ctr_756 THUMB Debug/main.o
 .debug_macro   0x000000000001f1f6       0x10 aes_ctr_756 THUMB Debug/main.o
 .debug_macro   0x000000000001f206      0x180 aes_ctr_756 THUMB Debug/stm32f7xx_hal.o
 .debug_macro   0x000000000001f386      0x15c aes_ctr_756 THUMB Debug/stm32f7xx_hal_cortex.o
 .debug_macro   0x000000000001f4e2      0x1cd aes_ctr_756 THUMB Debug/stm32f7xx_hal_cryp.o
 .debug_macro   0x000000000001f6af      0x162 aes_ctr_756 THUMB Debug/stm32f7xx_hal_dma.o
 .debug_macro   0x000000000001f811      0x16c aes_ctr_756 THUMB Debug/stm32f7xx_hal_msp.o
 .debug_macro   0x000000000001f97d      0x183 aes_ctr_756 THUMB Debug/stm32f7xx_it.o
 .debug_macro   0x000000000001fb00       0x8a aes_ctr_756 THUMB Debug/sys_clk.o
 .debug_macro   0x000000000001fb8a       0x9a aes_ctr_756 THUMB Debug/system_stm32f7xx.o
 .debug_macro   0x000000000001fc24       0x9a aes_ctr_756 THUMB Debug/timer.o
 .debug_macro   0x000000000001fcbe      0x191 aes_ctr_756 THUMB Debug/uart.o

.debug_line     0x0000000000000000     0x7437
 .debug_line    0x0000000000000000      0x4b5 aes_ctr_756 THUMB Debug/crypto.o
 .debug_line    0x00000000000004b5      0x484 aes_ctr_756 THUMB Debug/main.o
 .debug_line    0x0000000000000939      0x6e7 aes_ctr_756 THUMB Debug/stm32f7xx_hal.o
 .debug_line    0x0000000000001020      0x9c6 aes_ctr_756 THUMB Debug/stm32f7xx_hal_cortex.o
 .debug_line    0x00000000000019e6     0x3307 aes_ctr_756 THUMB Debug/stm32f7xx_hal_cryp.o
 .debug_line    0x0000000000004ced      0xc38 aes_ctr_756 THUMB Debug/stm32f7xx_hal_dma.o
 .debug_line    0x0000000000005925      0x468 aes_ctr_756 THUMB Debug/stm32f7xx_hal_msp.o
 .debug_line    0x0000000000005d8d      0x50b aes_ctr_756 THUMB Debug/stm32f7xx_it.o
 .debug_line    0x0000000000006298      0x36b aes_ctr_756 THUMB Debug/sys_clk.o
 .debug_line    0x0000000000006603      0x2d3 aes_ctr_756 THUMB Debug/system_stm32f7xx.o
 .debug_line    0x00000000000068d6      0x302 aes_ctr_756 THUMB Debug/timer.o
 .debug_line    0x0000000000006bd8      0x5ce aes_ctr_756 THUMB Debug/uart.o
 .debug_line    0x00000000000071a6      0x119 aes_ctr_756 THUMB Debug/STM32_Startup.o
 .debug_line    0x00000000000072bf      0x178 aes_ctr_756 THUMB Debug/thumb_crt0.o

.debug_str      0x0000000000000000    0xc3272
 .debug_str     0x0000000000000000    0xc180e aes_ctr_756 THUMB Debug/crypto.o
                                      0xc1d45 (size before relaxing)
 .debug_str     0x00000000000c180e      0x14e aes_ctr_756 THUMB Debug/main.o
                                      0xc1142 (size before relaxing)
 .debug_str     0x00000000000c195c      0x529 aes_ctr_756 THUMB Debug/stm32f7xx_hal.o
                                      0xc1b32 (size before relaxing)
 .debug_str     0x00000000000c1e85      0x4ba aes_ctr_756 THUMB Debug/stm32f7xx_hal_cortex.o
                                      0xc1b43 (size before relaxing)
 .debug_str     0x00000000000c233f      0x75e aes_ctr_756 THUMB Debug/stm32f7xx_hal_cryp.o
                                      0xc1be7 (size before relaxing)
 .debug_str     0x00000000000c2a9d      0x337 aes_ctr_756 THUMB Debug/stm32f7xx_hal_dma.o
                                      0xc14ef (size before relaxing)
 .debug_str     0x00000000000c2dd4       0x53 aes_ctr_756 THUMB Debug/stm32f7xx_hal_msp.o
                                      0xc1bf7 (size before relaxing)
 .debug_str     0x00000000000c2e27      0x120 aes_ctr_756 THUMB Debug/stm32f7xx_it.o
                                      0xc1609 (size before relaxing)
 .debug_str     0x00000000000c2f47       0x82 aes_ctr_756 THUMB Debug/sys_clk.o
                                      0x9c648 (size before relaxing)
 .debug_str     0x00000000000c2fc9       0xe8 aes_ctr_756 THUMB Debug/system_stm32f7xx.o
                                      0x9cdbc (size before relaxing)
 .debug_str     0x00000000000c30b1       0x47 aes_ctr_756 THUMB Debug/timer.o
                                      0x9cdb5 (size before relaxing)
 .debug_str     0x00000000000c30f8       0xd1 aes_ctr_756 THUMB Debug/uart.o
                                      0xc1214 (size before relaxing)
 .debug_str     0x00000000000c31c9       0x5d aes_ctr_756 THUMB Debug/STM32_Startup.o
                                         0x9c (size before relaxing)
 .debug_str     0x00000000000c3226       0x4c aes_ctr_756 THUMB Debug/thumb_crt0.o
                                         0x99 (size before relaxing)

.comment        0x0000000000000000       0x3d
 .comment       0x0000000000000000       0x3d aes_ctr_756 THUMB Debug/crypto.o
                                         0x3e (size before relaxing)
 .comment       0x000000000000003d       0x3e aes_ctr_756 THUMB Debug/main.o
 .comment       0x000000000000003d       0x3e aes_ctr_756 THUMB Debug/stm32f7xx_hal.o
 .comment       0x000000000000003d       0x3e aes_ctr_756 THUMB Debug/stm32f7xx_hal_cortex.o
 .comment       0x000000000000003d       0x3e aes_ctr_756 THUMB Debug/stm32f7xx_hal_cryp.o
 .comment       0x000000000000003d       0x3e aes_ctr_756 THUMB Debug/stm32f7xx_hal_dma.o
 .comment       0x000000000000003d       0x3e aes_ctr_756 THUMB Debug/stm32f7xx_hal_msp.o
 .comment       0x000000000000003d       0x3e aes_ctr_756 THUMB Debug/stm32f7xx_it.o
 .comment       0x000000000000003d       0x3e aes_ctr_756 THUMB Debug/sys_clk.o
 .comment       0x000000000000003d       0x3e aes_ctr_756 THUMB Debug/system_stm32f7xx.o
 .comment       0x000000000000003d       0x3e aes_ctr_756 THUMB Debug/timer.o
 .comment       0x000000000000003d       0x3e aes_ctr_756 THUMB Debug/uart.o
 .comment       0x000000000000003d       0x3e C:/Program Files/Rowley Associates Limited/CrossWorks for ARM 4.10/lib/libdebugio_v7em_t_le_eabi.a(libdebugio.o)
 .comment       0x000000000000003d       0x3e C:/Program Files/Rowley Associates Limited/CrossWorks for ARM 4.10/lib/libdebugio_v7em_t_le_eabi.a(mempoll_debug_operations.o)

.ARM.attributes
                0x0000000000000000       0x2e
 .ARM.attributes
                0x0000000000000000       0x30 aes_ctr_756 THUMB Debug/crypto.o
 .ARM.attributes
                0x0000000000000030       0x30 aes_ctr_756 THUMB Debug/main.o
 .ARM.attributes
                0x0000000000000060       0x30 aes_ctr_756 THUMB Debug/stm32f7xx_hal.o
 .ARM.attributes
                0x0000000000000090       0x30 aes_ctr_756 THUMB Debug/stm32f7xx_hal_cortex.o
 .ARM.attributes
                0x00000000000000c0       0x30 aes_ctr_756 THUMB Debug/stm32f7xx_hal_cryp.o
 .ARM.attributes
                0x00000000000000f0       0x30 aes_ctr_756 THUMB Debug/stm32f7xx_hal_dma.o
 .ARM.attributes
                0x0000000000000120       0x30 aes_ctr_756 THUMB Debug/stm32f7xx_hal_msp.o
 .ARM.attributes
                0x0000000000000150       0x30 aes_ctr_756 THUMB Debug/stm32f7xx_it.o
 .ARM.attributes
                0x0000000000000180       0x30 aes_ctr_756 THUMB Debug/sys_clk.o
 .ARM.attributes
                0x00000000000001b0       0x30 aes_ctr_756 THUMB Debug/system_stm32f7xx.o
 .ARM.attributes
                0x00000000000001e0       0x30 aes_ctr_756 THUMB Debug/timer.o
 .ARM.attributes
                0x0000000000000210       0x30 aes_ctr_756 THUMB Debug/uart.o
 .ARM.attributes
                0x0000000000000240       0x1c aes_ctr_756 THUMB Debug/STM32_Startup.o
 .ARM.attributes
                0x000000000000025c       0x1c aes_ctr_756 THUMB Debug/thumb_crt0.o
 .ARM.attributes
                0x0000000000000278       0x1c C:/Program Files/Rowley Associates Limited/CrossWorks for ARM 4.10/lib/libc_v7em_t_le_eabi.a(libc2_asm.o)
 .ARM.attributes
                0x0000000000000294       0x30 C:/Program Files/Rowley Associates Limited/CrossWorks for ARM 4.10/lib/libdebugio_v7em_t_le_eabi.a(libdebugio.o)
 .ARM.attributes
                0x00000000000002c4       0x1c C:/Program Files/Rowley Associates Limited/CrossWorks for ARM 4.10/lib/libdebugio_v7em_t_le_eabi.a(libdebugio_asm.o)
 .ARM.attributes
                0x00000000000002e0       0x30 C:/Program Files/Rowley Associates Limited/CrossWorks for ARM 4.10/lib/libdebugio_v7em_t_le_eabi.a(mempoll_debug_operations.o)
